// Jest Snapshot v1, https://goo.gl/fbAQLP

exports[`CardList should render CardList component 1`] = `
<div>
  <Card
    email="johndoe@example.com"
    id={1}
    key="0"
    name="John Doe"
  />
  <Card
    email="janesmith@example.com"
    id={2}
    key="1"
    name="Jane Smith"
  />
</div>
`;
