// Jest Snapshot v1, https://goo.gl/fbAQLP

exports[`Scroll should render Scroll component 1`] = `
<div
  style={
    Object {
      "border": "5px solid black",
      "height": "800px",
      "overflow": "scroll",
    }
  }
/>
`;
